// Jest Snapshot v1, https://goo.gl/fbAQLP

exports[`snapshots App snapshot 1`] = `
<Modal
  onHide={[Function]}
  title="Create an Account"
>
  <ValidationSummary
    show={false}
    validationModel={
      ValidationModel {
        "isValid": true,
        "validationMessages": Immutable.List [],
      }
    }
  />
  <SignUpForm
    onPropertyChange={[Function]}
    onSave={[Function]}
    user={
      User {
        "date_of_birth": null,
        "email": "",
        "first_name": "",
        "id": "",
        "last_name": "",
        "password": "",
      }
    }
  />
</Modal>
`;
